// Jest Snapshot v1, https://goo.gl/fbAQLP

exports[`Render Users 1`] = `
<div>
  <h2>
    List of users
  </h2>
  <br />
  <div
    className="row"
  >
    <div
      className="column"
    >
      <div
        className="card"
      >
        <div
          className="container"
        >
          <h2>
            Leanne Graham
          </h2>
          <p>
            <span
              className="title"
            >
              email:
            </span>
             
            Sincere@april.biz
          </p>
          <p>
            <span
              className="title"
            >
              address:
            </span>
          </p>
          <p>
            <span
              className="title details"
            >
              street:
            </span>
             
            Kulas Light
          </p>
          <p>
            <span
              className="title details"
            >
              suite:
            </span>
             
            Apt. 556
          </p>
          <p>
            <span
              className="title details"
            >
              city:
            </span>
             
            Gwenborough
          </p>
          <p>
            <span
              className="title details"
            >
              zipcode:
            </span>
             
            92998-3874
          </p>
          <p>
            <span
              className="title"
            >
              phone:
            </span>
             
            1-770-736-8031 x56442
          </p>
          <p>
            <span
              className="title"
            >
              website:
            </span>
             
            hildegard.org
          </p>
        </div>
      </div>
    </div>
  </div>
</div>
`;
